// Jest Snapshot v1, https://goo.gl/fbAQLP

exports[`Not Found Page should render correctly 1`] = `
<DocumentFragment>
  <div
    class="main"
  >
    <header>
      <div
        class="padding"
      >
        <h1>
          The Artifact
        </h1>
        <p>
          <em>
            Culture & Art blog
          </em>
        </p>
      </div>
      <nav
        class="padding"
      >
        <ul>
          <li>
            <a
              href="./"
            >
              Blog
            </a>
          </li>
          <li>
            <a
              href="./"
            >
              About
            </a>
          </li>
          <li>
            <a
              href="./"
            >
              Contact
            </a>
          </li>
        </ul>
      </nav>
    </header>
    <div
      class="pageNotFoundContainer"
    >
      <p>
        404 Error. Page not found
      </p>
    </div>
    <footer
      class="padding"
    >
      <p>
        Â©artifact.com 2019
      </p>
    </footer>
  </div>
</DocumentFragment>
`;
